src/app/collaboration/page.tsx(47,204): error TS2322: Type 'string' is not assignable to type 'number'.
